Script started on Tue 31 Jan 2017 02:01:09 PM PST
cistudent@NetworkingLab:~/Documents/Comp362/Lab2/Task1$ ulimit -ccunlimited
edumpdent@NetworkingLab:~/Documents/Comp362/Lab2/Task1$ gcc -c coredump.c -o core
cistudent@NetworkingLab:~/Documents/Comp362/Lab2/Task1$ ./coredump
bash: ./coredump: Permission denied
cistudent@NetworkingLab:~/Documents/Comp362/Lab2/Task1$ ./coredump
bash: ./coredump: Permission denied
cistudent@NetworkingLab:~/Documents/Comp362/Lab2/Task1$ ./coredump
bash: ./coredump: Permission denied
edumpdent@NetworkingLab:~/Documents/Comp362/Lab2/Task1$ gcc -g coredump.c -o cor
cistudent@NetworkingLab:~/Documents/Comp362/Lab2/Task1$ ./coredumpedump.c -o core

The next line will cause core dump.
You cannot have a negative denominatorERROR: -1
cistudent@NetworkingLab:~/Documents/Comp362/Lab2/Task1$ gdb coredump core
GNU gdb (Ubuntu 7.11.1-0ubuntu1~16.04) 7.11.1
Copyright (C) 2016 Free Software Foundation, Inc.
License GPLv3+: GNU GPL version 3 or later <http://gnu.org/licenses/gpl.html>
This is free software: you are free to change and redistribute it.
There is NO WARRANTY, to the extent permitted by law.  Type "show copying"
and "show warranty" for details.
This GDB was configured as "x86_64-linux-gnu".
Type "show configuration" for configuration details.
For bug reporting instructions, please see:
<http://www.gnu.org/software/gdb/bugs/>.
Find the GDB manual and other documentation resources online at:
<http://www.gnu.org/software/gdb/documentation/>.
For help, type "help".
Type "apropos word" to search for commands related to "word"...
Reading symbols from coredump...done.

warning: exec file is newer than core file.
[New LWP 1974]
Core was generated by `./coredump'.
Program terminated with signal SIGFPE, Arithmetic exception.
#0  offensiveFunc (x=3, y=0) at coredump.c:13
13		if (y==0) {
(gdb) where
#0  offensiveFunc (x=3, y=0) at coredump.c:13
#1  0x0000000000400583 in main () at coredump.c:7
(gdb) list
8	   return 0;
9	}
10
11	int offensiveFunc(int x, int y)
12	{
13		if (y==0) {
14			printf("You cannot have a negative denominator");
15
16			return -1;
17		}
(gdb)
18		else {
19			int z = x / y;
20			return z;
21		}
22	}
(gdb) print y
$1 = 0
(gdb) quit
edumpdent@NetworkingLab:~/Documents/Comp362/Lab2/Task1$ gcco-gdcoredump.c -o core
cistudent@NetworkingLab:~/Documents/Comp362/Lab2/Task1$ dbccoredumpdcorec -o core
./coredump
The next line will cause core dump.
ERROR: 2
cistudent@NetworkingLab:~/Documents/Comp362/Lab2/Task1$ dbccoredumpdcorec -o core
cistudent@NetworkingLab:~/Documents/Comp362/Lab2/Task1$ ./coredump
gdb coredump core
GNU gdb (Ubuntu 7.11.1-0ubuntu1~16.04) 7.11.1
Copyright (C) 2016 Free Software Foundation, Inc.
License GPLv3+: GNU GPL version 3 or later <http://gnu.org/licenses/gpl.html>
This is free software: you are free to change and redistribute it.
There is NO WARRANTY, to the extent permitted by law.  Type "show copying"
and "show warranty" for details.
This GDB was configured as "x86_64-linux-gnu".
Type "show configuration" for configuration details.
For bug reporting instructions, please see:
<http://www.gnu.org/software/gdb/bugs/>.
Find the GDB manual and other documentation resources online at:
<http://www.gnu.org/software/gdb/documentation/>.
For help, type "help".
Type "apropos word" to search for commands related to "word"...
Reading symbols from coredump...done.

warning: exec file is newer than core file.
[New LWP 1974]
Core was generated by `./coredump'.
Program terminated with signal SIGFPE, Arithmetic exception.
#0  offensiveFunc (x=3, y=0) at coredump.c:13
13		if (y==0) {
(gdb) where
#0  offensiveFunc (x=3, y=0) at coredump.c:13
#1  0x0000000000400583 in main () at coredump.c:7
(gdb) list
8	   return 0;
9	}
10
11	int offensiveFunc(int x, int y)
12	{
13		if (y==0) {
14			printf("You cannot have a negative denominator");
15
16			return -1;
17		}
(gdb)
18		else {
19			int z = x / y;
20			return z;
21		}
22	}
(gdb) print x
$1 = 3
(gdb) print y
$2 = 0
(gdb) quit
edumpdent@NetworkingLab:~/Documents/Comp362/Lab2/Task1$ gcc -g coredump.c -o cor
cistudent@NetworkingLab:~/Documents/Comp362/Lab2/Task1$ ./coredump
The next line will cause core dump.
ERROR: 2
cistudent@NetworkingLab:~/Documents/Comp362/Lab2/Task1$ gdb coredump core
GNU gdb (Ubuntu 7.11.1-0ubuntu1~16.04) 7.11.1
Copyright (C) 2016 Free Software Foundation, Inc.
License GPLv3+: GNU GPL version 3 or later <http://gnu.org/licenses/gpl.html>
This is free software: you are free to change and redistribute it.
There is NO WARRANTY, to the extent permitted by law.  Type "show copying"
and "show warranty" for details.
This GDB was configured as "x86_64-linux-gnu".
Type "show configuration" for configuration details.
For bug reporting instructions, please see:
<http://www.gnu.org/software/gdb/bugs/>.
Find the GDB manual and other documentation resources online at:
<http://www.gnu.org/software/gdb/documentation/>.
For help, type "help".
Type "apropos word" to search for commands related to "word"...
Reading symbols from coredump...done.

warning: exec file is newer than core file.
[New LWP 1974]
Core was generated by `./coredump'.
Program terminated with signal SIGFPE, Arithmetic exception.
#0  offensiveFunc (x=3, y=0) at coredump.c:13
13		if (y==0) {
(gdb) where
#0  offensiveFunc (x=3, y=0) at coredump.c:13
#1  0x0000000000400583 in main () at coredump.c:7
(gdb) list
8	   return 0;
9	}
10
11	int offensiveFunc(int x, int y)
12	{
13		if (y==0) {
14			printf("You cannot have a negative denominator");
15
16			return -1;
17		}
(gdb)
18		else {
19			int z = x / y;
20			return z;
21		}
22	}
(gdb) print z
No symbol "z" in current context.
(gdb) print x
$1 = 3
(gdb) print y
$2 = 0
(gdb) quit
edumpdent@NetworkingLab:~/Documents/Comp362/Lab2/Task1$ gcco-gdcoredump.c -o core
cistudent@NetworkingLab:~/Documents/Comp362/Lab2/Task1$ dbccoredumpdcorec -o core
./coredump
The next line will cause core dump.
ERROR: 2
cistudent@NetworkingLab:~/Documents/Comp362/Lab2/Task1$ dbccoredumpdcorec -o core

GNU gdb (Ubuntu 7.11.1-0ubuntu1~16.04) 7.11.1
Copyright (C) 2016 Free Software Foundation, Inc.
License GPLv3+: GNU GPL version 3 or later <http://gnu.org/licenses/gpl.html>
This is free software: you are free to change and redistribute it.
There is NO WARRANTY, to the extent permitted by law.  Type "show copying"
and "show warranty" for details.
This GDB was configured as "x86_64-linux-gnu".
Type "show configuration" for configuration details.
For bug reporting instructions, please see:
<http://www.gnu.org/software/gdb/bugs/>.
Find the GDB manual and other documentation resources online at:
<http://www.gnu.org/software/gdb/documentation/>.
For help, type "help".
Type "apropos word" to search for commands related to "word"...
Reading symbols from coredump...done.

warning: exec file is newer than core file.
[New LWP 1974]
Core was generated by `./coredump'.
Program terminated with signal SIGFPE, Arithmetic exception.
#0  offensiveFunc (x=3, y=0) at coredump.c:13
13		if (y==0) {
(gdb) print y
$1 = 0
(gdb) quitk
cistudent@NetworkingLab:~/Documents/Comp362/Lab2/Task1$ lsimit -c
core  coredump	coredump.c  typescript-processed.txt  typescript.txt
cistudent@NetworkingLab:~/Documents/Comp362/Lab2/Task1$ remove core
remove: command not found
cistudent@NetworkingLab:~/Documents/Comp362/Lab2/Task1$ rm core
cistudent@NetworkingLab:~/Documents/Comp362/Lab2/Task1$ ./coredump
The next line will cause core dump.
ERROR: 2
cistudent@NetworkingLab:~/Documents/Comp362/Lab2/Task1$ ls
coredump  coredump.c  typescript-processed.txt	typescript.txt
cistudent@NetworkingLab:~/Documents/Comp362/Lab2/Task1$ gdbmcoredump coredump
GNU gdb (Ubuntu 7.11.1-0ubuntu1~16.04) 7.11.1
Copyright (C) 2016 Free Software Foundation, Inc.
License GPLv3+: GNU GPL version 3 or later <http://gnu.org/licenses/gpl.html>
This is free software: you are free to change and redistribute it.
There is NO WARRANTY, to the extent permitted by law.  Type "show copying"
and "show warranty" for details.
This GDB was configured as "x86_64-linux-gnu".
Type "show configuration" for configuration details.
For bug reporting instructions, please see:
<http://www.gnu.org/software/gdb/bugs/>.
Find the GDB manual and other documentation resources online at:
<http://www.gnu.org/software/gdb/documentation/>.
For help, type "help".
Type "apropos word" to search for commands related to "word"...
Reading symbols from coredump...done.
"/home/cistudent/Documents/Comp362/Lab2/Task1/coredump" is not a core dump: File format not recognized
(gdb) quit
cistudent@NetworkingLab:~/Documents/Comp362/Lab2/Task1$ gdb coredump coredump.c
GNU gdb (Ubuntu 7.11.1-0ubuntu1~16.04) 7.11.1
Copyright (C) 2016 Free Software Foundation, Inc.
License GPLv3+: GNU GPL version 3 or later <http://gnu.org/licenses/gpl.html>
This is free software: you are free to change and redistribute it.
There is NO WARRANTY, to the extent permitted by law.  Type "show copying"
and "show warranty" for details.
This GDB was configured as "x86_64-linux-gnu".
Type "show configuration" for configuration details.
For bug reporting instructions, please see:
<http://www.gnu.org/software/gdb/bugs/>.
Find the GDB manual and other documentation resources online at:
<http://www.gnu.org/software/gdb/documentation/>.
For help, type "help".
Type "apropos word" to search for commands related to "word"...
Reading symbols from coredump...done.
"/home/cistudent/Documents/Comp362/Lab2/Task1/coredump.c" is not a core dump: File format not recognized
(gdb) ls
Undefined command: "ls".  Try "help".
(gdb) where
No stack.
(gdb) quit
cistudent@NetworkingLab:~/Documents/Comp362/Lab2/Task1$ exit
exit

Script done on Tue 31 Jan 2017 02:13:30 PM PST
